12:47:53 **** Auto Build of configuration Debug for project ring_oscillator_bsp_xiicps_slave_monitor_example_1 ****
make all 
'Building file: ../src/xiicps_slave_monitor_example.c'
'Invoking: ARM v8 gcc compiler'
aarch64-none-elf-gcc -Wall -O0 -g3 -c -fmessage-length=0 -MT"src/xiicps_slave_monitor_example.o" -I../../ring_oscillator_bsp/psu_cortexa53_0/include -MMD -MP -MF"src/xiicps_slave_monitor_example.d" -MT"src/xiicps_slave_monitor_example.o" -o "src/xiicps_slave_monitor_example.o" "../src/xiicps_slave_monitor_example.c"
'Finished building: ../src/xiicps_slave_monitor_example.c'
' '
'Building target: ring_oscillator_bsp_xiicps_slave_monitor_example_1.elf'
'Invoking: ARM v8 gcc linker'
aarch64-none-elf-gcc -Wl,-T -Wl,../src/lscript.ld -L../../ring_oscillator_bsp/psu_cortexa53_0/lib -o "ring_oscillator_bsp_xiicps_slave_monitor_example_1.elf"  ./src/xiicps_slave_monitor_example.o   -Wl,--start-group,-lxil,-lgcc,-lc,--end-group
'Finished building target: ring_oscillator_bsp_xiicps_slave_monitor_example_1.elf'
' '
'Invoking: ARM v8 Print Size'
aarch64-none-elf-size ring_oscillator_bsp_xiicps_slave_monitor_example_1.elf  |tee "ring_oscillator_bsp_xiicps_slave_monitor_example_1.elf.size"
   text	   data	    bss	    dec	    hex	filename
  43972	   5640	  20904	  70516	  11374	ring_oscillator_bsp_xiicps_slave_monitor_example_1.elf
'Finished building: ring_oscillator_bsp_xiicps_slave_monitor_example_1.elf.size'
' '

12:47:54 Build Finished (took 829ms)

