19:33:56 **** Auto Build of configuration Debug for project ring_oscillator_bsp_xgpio_low_level_example_1 ****
make all 
'Building file: ../src/xgpio_low_level_example.c'
'Invoking: ARM v8 gcc compiler'
aarch64-none-elf-gcc -Wall -O0 -g3 -c -fmessage-length=0 -MT"src/xgpio_low_level_example.o" -I../../ring_oscillator_bsp/psu_cortexa53_0/include -MMD -MP -MF"src/xgpio_low_level_example.d" -MT"src/xgpio_low_level_example.o" -o "src/xgpio_low_level_example.o" "../src/xgpio_low_level_example.c"
'Finished building: ../src/xgpio_low_level_example.c'
' '
'Building target: ring_oscillator_bsp_xgpio_low_level_example_1.elf'
'Invoking: ARM v8 gcc linker'
aarch64-none-elf-gcc -Wl,-T -Wl,../src/lscript.ld -L../../ring_oscillator_bsp/psu_cortexa53_0/lib -o "ring_oscillator_bsp_xgpio_low_level_example_1.elf"  ./src/xgpio_low_level_example.o   -Wl,--start-group,-lxil,-lgcc,-lc,--end-group
'Finished building target: ring_oscillator_bsp_xgpio_low_level_example_1.elf'
' '
'Invoking: ARM v8 Print Size'
aarch64-none-elf-size ring_oscillator_bsp_xgpio_low_level_example_1.elf  |tee "ring_oscillator_bsp_xgpio_low_level_example_1.elf.size"
   text	   data	    bss	    dec	    hex	filename
  30164	   2048	  20632	  52844	   ce6c	ring_oscillator_bsp_xgpio_low_level_example_1.elf
'Finished building: ring_oscillator_bsp_xgpio_low_level_example_1.elf.size'
' '

19:33:57 Build Finished (took 762ms)

