21:09:29 **** Auto Build of configuration Debug for project ring_oscillator_bsp_xgpiops_polled_example_1 ****
make all 
'Building file: ../src/xgpiops_polled_example.c'
'Invoking: ARM v8 gcc compiler'
aarch64-none-elf-gcc -Wall -O0 -g3 -c -fmessage-length=0 -MT"src/xgpiops_polled_example.o" -I../../ring_oscillator_bsp/psu_cortexa53_0/include -MMD -MP -MF"src/xgpiops_polled_example.d" -MT"src/xgpiops_polled_example.o" -o "src/xgpiops_polled_example.o" "../src/xgpiops_polled_example.c"
'Finished building: ../src/xgpiops_polled_example.c'
' '
'Building target: ring_oscillator_bsp_xgpiops_polled_example_1.elf'
'Invoking: ARM v8 gcc linker'
aarch64-none-elf-gcc -Wl,-T -Wl,../src/lscript.ld -L../../ring_oscillator_bsp/psu_cortexa53_0/lib -o "ring_oscillator_bsp_xgpiops_polled_example_1.elf"  ./src/xgpiops_polled_example.o   -Wl,--start-group,-lxil,-lgcc,-lc,--end-group
'Finished building target: ring_oscillator_bsp_xgpiops_polled_example_1.elf'
' '
'Invoking: ARM v8 Print Size'
aarch64-none-elf-size ring_oscillator_bsp_xgpiops_polled_example_1.elf  |tee "ring_oscillator_bsp_xgpiops_polled_example_1.elf.size"
   text	   data	    bss	    dec	    hex	filename
  41572	   2488	  20760	  64820	   fd34	ring_oscillator_bsp_xgpiops_polled_example_1.elf
'Finished building: ring_oscillator_bsp_xgpiops_polled_example_1.elf.size'
' '

21:09:30 Build Finished (took 871ms)

