00:18:50 **** Auto Build of configuration Debug for project sysmon_bsp_xiicps_eeprom_polled_example_1 ****
make all 
'Building file: ../src/xiicps_eeprom_polled_example.c'
'Invoking: ARM v8 gcc compiler'
aarch64-none-elf-gcc -Wall -O0 -g3 -c -fmessage-length=0 -MT"src/xiicps_eeprom_polled_example.o" -I../../sysmon_bsp/psu_cortexa53_0/include -MMD -MP -MF"src/xiicps_eeprom_polled_example.d" -MT"src/xiicps_eeprom_polled_example.o" -o "src/xiicps_eeprom_polled_example.o" "../src/xiicps_eeprom_polled_example.c"
'Finished building: ../src/xiicps_eeprom_polled_example.c'
' '
'Building target: sysmon_bsp_xiicps_eeprom_polled_example_1.elf'
'Invoking: ARM v8 gcc linker'
aarch64-none-elf-gcc -Wl,-T -Wl,../src/lscript.ld -L../../sysmon_bsp/psu_cortexa53_0/lib -o "sysmon_bsp_xiicps_eeprom_polled_example_1.elf"  ./src/xiicps_eeprom_polled_example.o   -Wl,--start-group,-lxil,-lgcc,-lc,--end-group -Wl,--start-group,-lxilsecure,-lxil,-lgcc,-lc,--end-group
'Finished building target: sysmon_bsp_xiicps_eeprom_polled_example_1.elf'
' '
'Invoking: ARM v8 Print Size'
aarch64-none-elf-size sysmon_bsp_xiicps_eeprom_polled_example_1.elf  |tee "sysmon_bsp_xiicps_eeprom_polled_example_1.elf.size"
   text	   data	    bss	    dec	    hex	filename
  42660	   2504	  20808	  65972	  101b4	sysmon_bsp_xiicps_eeprom_polled_example_1.elf
'Finished building: sysmon_bsp_xiicps_eeprom_polled_example_1.elf.size'
' '

00:18:51 Build Finished (took 709ms)

