#-----------------------------------------------------------
# Vivado v2019.1 (64-bit)
# SW Build 2552052 on Fri May 24 14:47:09 MDT 2019
# IP Build 2548770 on Fri May 24 18:01:18 MDT 2019
# Start of session at: Mon Jun  5 14:39:25 2023
# Process ID: 6227
# Current directory: /home/manvar00/Downloads/RELEASE_DVD/vivado_designs/zcu104_src_power/project_2
# Command line: vivado
# Log file: /home/manvar00/Downloads/RELEASE_DVD/vivado_designs/zcu104_src_power/project_2/vivado.log
# Journal file: /home/manvar00/Downloads/RELEASE_DVD/vivado_designs/zcu104_src_power/project_2/vivado.jou
#-----------------------------------------------------------
start_gui
open_project /home/manvar00/Downloads/RELEASE_DVD/vivado_designs/zcu104_src_power/project_2/project_2.xpr
update_compile_order -fileset sources_1
reset_run synth_1
launch_runs impl_1 -to_step write_bitstream -jobs 8
wait_on_run impl_1
file copy -force /home/manvar00/Downloads/RELEASE_DVD/vivado_designs/zcu104_src_power/project_2/project_2.runs/impl_1/Base_Zynq_MPSoC_wrapper.sysdef /home/manvar00/Downloads/RELEASE_DVD/vivado_designs/zcu104_src_power/project_2/project_2.sdk/Base_Zynq_MPSoC_wrapper.hdf

launch_sdk -workspace /home/manvar00/Downloads/RELEASE_DVD/vivado_designs/zcu104_src_power/project_2/project_2.sdk -hwspec /home/manvar00/Downloads/RELEASE_DVD/vivado_designs/zcu104_src_power/project_2/project_2.sdk/Base_Zynq_MPSoC_wrapper.hdf
