#-----------------------------------------------------------
# Vivado v2019.1 (64-bit)
# SW Build 2552052 on Fri May 24 14:47:09 MDT 2019
# IP Build 2548770 on Fri May 24 18:01:18 MDT 2019
# Start of session at: Tue Aug  8 12:04:29 2023
# Process ID: 1271602
# Current directory: /home/manvar00/Downloads/RELEASE_DVD/vivado_designs/zcu104_src_power/project_2
# Command line: vivado
# Log file: /home/manvar00/Downloads/RELEASE_DVD/vivado_designs/zcu104_src_power/project_2/vivado.log
# Journal file: /home/manvar00/Downloads/RELEASE_DVD/vivado_designs/zcu104_src_power/project_2/vivado.jou
#-----------------------------------------------------------
start_gui
open_project /home/manvar00/Downloads/RELEASE_DVD/vivado_designs/zcu104_src_power/project_2/project_2.xpr
launch_sdk -workspace /home/manvar00/Downloads/RELEASE_DVD/vivado_designs/zcu104_src_power/project_2/project_2.sdk -hwspec /home/manvar00/Downloads/RELEASE_DVD/vivado_designs/zcu104_src_power/project_2/project_2.sdk/Base_Zynq_MPSoC_wrapper.hdf
update_compile_order -fileset sources_1
